// Jest Snapshot v1, https://goo.gl/fbAQLP

exports[`ReportListPage expect to render  1`] = `ShallowWrapper {}`;
