// Jest Snapshot v1, https://goo.gl/fbAQLP

exports[`resetUploadFile returns a state object 1`] = `
Object {
  "payload": Object {},
  "type": "RESET_UPLOAD_FILE",
}
`;

exports[`selectFile returns a state object 1`] = `
Object {
  "payload": Object {
    "file": File {},
  },
  "type": "SELECT_UPLOAD_FILE",
}
`;

exports[`updateProgress returns a state object 1`] = `
Object {
  "payload": Object {
    "progress": 60,
  },
  "type": "UPLOAD_PROGRESS",
}
`;

exports[`uploadRequest returns a state object 1`] = `
Object {
  "meta": Object {
    "file": File {},
    "noError": true,
    "notifications": Object {},
  },
  "payload": Promise {},
  "type": "UPLOAD_REQUEST",
}
`;
