// Jest Snapshot v1, https://goo.gl/fbAQLP

exports[`EmptyDashboard expect to render  1`] = `ShallowWrapper {}`;
